10:39:45 **** Incremental Build of configuration Debug for project Demo4_1LED ****
make -j8 all 
arm-none-eabi-size   Demo4_1LED.elf 
   text	   data	    bss	    dec	    hex	filename
   6124	     20	   1572	   7716	   1e24	Demo4_1LED.elf
Finished building: default.size.stdout
 
10:39:50 **** Incremental Build of configuration Debug for project Demo4_1LED ****
make -j8 all 
arm-none-eabi-size   Demo4_1LED.elf 
   text	   data	    bss	    dec	    hex	filename
   6124	     20	   1572	   7716	   1e24	Demo4_1LED.elf
Finished building: default.size.stdout
 
